00:00 +0: loading C:/Users/Casa/projetos_flutter/book_flow/test/modules/login/presenter/bloc/login_bloc_test.dart
00:00 +0 -1: loading C:/Users/Casa/projetos_flutter/book_flow/test/modules/login/presenter/bloc/login_bloc_test.dart [E]
  Failed to load "C:/Users/Casa/projetos_flutter/book_flow/test/modules/login/presenter/bloc/login_bloc_test.dart":
  Compilation failed for testPath=C:/Users/Casa/projetos_flutter/book_flow/test/modules/login/presenter/bloc/login_bloc_test.dart: test/modules/login/presenter/bloc/login_bloc_test.dart:6:8: Error: Error when reading 'lib/modules/login/login.dart': O sistema n├úo pode encontrar o caminho especificado
  import 'package:myapp/modules/login/login.dart';
         ^
  test/modules/login/presenter/bloc/login_bloc_test.dart:8:51: Error: Type 'LoginRepositoryImpl' not found.
  class MockLoginRepository extends Mock implements LoginRepositoryImpl {}
                                                    ^^^^^^^^^^^^^^^^^^^
  test/modules/login/presenter/bloc/login_bloc_test.dart:10:44: Error: Type 'LoginDto' not found.
  class FakeLoginDto extends Fake implements LoginDto {}
                                             ^^^^^^^^
  test/modules/login/presenter/bloc/login_bloc_test.dart:13:8: Error: 'LoginBloc' isn't a type.
    late LoginBloc loginBloc;
         ^^^^^^^^^
  test/modules/login/presenter/bloc/login_bloc_test.dart:18:17: Error: Method not found: 'LoginBloc'.
      loginBloc = LoginBloc(mockLoginRepository);
                  ^^^^^^^^^
  test/modules/login/presenter/bloc/login_bloc_test.dart:29:33: Error: 'LoginState' isn't a type.
      expect(loginBloc.state, isA<LoginState>());
                                  ^^^^^^^^^^
  test/modules/login/presenter/bloc/login_bloc_test.dart:32:12: Error: 'LoginBloc' isn't a type.
    blocTest<LoginBloc, LoginState>(
             ^^^^^^^^^
  test/modules/login/presenter/bloc/login_bloc_test.dart:32:23: Error: 'LoginState' isn't a type.
    blocTest<LoginBloc, LoginState>(
                        ^^^^^^^^^^
  test/modules/login/presenter/bloc/login_bloc_test.dart:35:29: Error: Method not found: 'LoginTogglePasswordVisibility'.
      act: (bloc) => bloc.add(LoginTogglePasswordVisibility()),
                              ^^^^^^^^^^^^^^^^^^^^^^^^^^^^^
  test/modules/login/presenter/bloc/login_bloc_test.dart:37:11: Error: 'LoginState' isn't a type.
        isA<LoginState>().having(
            ^^^^^^^^^^
  test/modules/login/presenter/bloc/login_bloc_test.dart:45:12: Error: 'LoginBloc' isn't a type.
    blocTest<LoginBloc, LoginState>(
             ^^^^^^^^^
  test/modules/login/presenter/bloc/login_bloc_test.dart:45:23: Error: 'LoginState' isn't a type.
    blocTest<LoginBloc, LoginState>(
                        ^^^^^^^^^^
  test/modules/login/presenter/bloc/login_bloc_test.dart:48:29: Error: Method not found: 'LoginEmailChanged'.
      act: (bloc) => bloc.add(LoginEmailChanged('teste@email.com')),
                              ^^^^^^^^^^^^^^^^^
  test/modules/login/presenter/bloc/login_bloc_test.dart:50:11: Error: 'LoginState' isn't a type.
        isA<LoginState>()
            ^^^^^^^^^^
  test/modules/login/presenter/bloc/login_bloc_test.dart:52:46: Error: Undefined name 'LoginStatus'.
            .having((s) => s.status, 'status', LoginStatus.initial),
                                               ^^^^^^^^^^^
  test/modules/login/presenter/bloc/login_bloc_test.dart:56:12: Error: 'LoginBloc' isn't a type.
    blocTest<LoginBloc, LoginState>(
             ^^^^^^^^^
  test/modules/login/presenter/bloc/login_bloc_test.dart:56:23: Error: 'LoginState' isn't a type.
    blocTest<LoginBloc, LoginState>(
                        ^^^^^^^^^^
  test/modules/login/presenter/bloc/login_bloc_test.dart:59:29: Error: Method not found: 'LoginPasswordChanged'.
      act: (bloc) => bloc.add(LoginPasswordChanged('senha123')),
                              ^^^^^^^^^^^^^^^^^^^^
  test/modules/login/presenter/bloc/login_bloc_test.dart:61:11: Error: 'LoginState' isn't a type.
        isA<LoginState>()
            ^^^^^^^^^^
  test/modules/login/presenter/bloc/login_bloc_test.dart:63:46: Error: Undefined name 'LoginStatus'.
            .having((s) => s.status, 'status', LoginStatus.initial),
                                               ^^^^^^^^^^^
  test/modules/login/presenter/bloc/login_bloc_test.dart:67:12: Error: 'LoginBloc' isn't a type.
    blocTest<LoginBloc, LoginState>(
             ^^^^^^^^^
  test/modules/login/presenter/bloc/login_bloc_test.dart:67:23: Error: 'LoginState' isn't a type.
    blocTest<LoginBloc, LoginState>(
                        ^^^^^^^^^^
  test/modules/login/presenter/bloc/login_bloc_test.dart:73:28: Error: Method not found: 'LoginDto'.
          (_) async => Right(LoginDto(email: 'a@b.com', password: '123456')),
                             ^^^^^^^^
  test/modules/login/presenter/bloc/login_bloc_test.dart:80:29: Error: Method not found: 'LoginSubmitted'.
      act: (bloc) => bloc.add(LoginSubmitted()),
                              ^^^^^^^^^^^^^^
  test/modules/login/presenter/bloc/login_bloc_test.dart:82:11: Error: 'LoginState' isn't a type.
        isA<LoginState>().having((s) => s.status, 'status', LoginStatus.loading),
            ^^^^^^^^^^
  test/modules/login/presenter/bloc/login_bloc_test.dart:82:59: Error: Undefined name 'LoginStatus'.
        isA<LoginState>().having((s) => s.status, 'status', LoginStatus.loading),
                                                            ^^^^^^^^^^^
  test/modules/login/presenter/bloc/login_bloc_test.dart:83:11: Error: 'LoginState' isn't a type.
        isA<LoginState>().having((s) => s.status, 'status', LoginStatus.success),
            ^^^^^^^^^^
  test/modules/login/presenter/bloc/login_bloc_test.dart:83:59: Error: Undefined name 'LoginStatus'.
        isA<LoginState>().having((s) => s.status, 'status', LoginStatus.success),
                                                            ^^^^^^^^^^^
  test/modules/login/presenter/bloc/login_bloc_test.dart:38:18: Error: The getter 'isPasswordVisible' isn't defined for the type 'Object?'.
   - 'Object' is from 'dart:core'.
  Try correcting the name to the name of an existing getter, or defining a getter or field named 'isPasswordVisible'.
          (s) => s.isPasswordVisible,
                   ^^^^^^^^^^^^^^^^^
  test/modules/login/presenter/bloc/login_bloc_test.dart:35:25: Error: The method 'add' isn't defined for the type 'Object?'.
   - 'Object' is from 'dart:core'.
  Try correcting the name to the name of an existing method, or defining a method named 'add'.
      act: (bloc) => bloc.add(LoginTogglePasswordVisibility()),
                          ^^^
  test/modules/login/presenter/bloc/login_bloc_test.dart:51:28: Error: The getter 'email' isn't defined for the type 'Object?'.
   - 'Object' is from 'dart:core'.
  Try correcting the name to the name of an existing getter, or defining a getter or field named 'email'.
            .having((s) => s.email, 'email', 'teste@email.com')
                             ^^^^^
  test/modules/login/presenter/bloc/login_bloc_test.dart:52:28: Error: The getter 'status' isn't defined for the type 'Object?'.
   - 'Object' is from 'dart:core'.
  Try correcting the name to the name of an existing getter, or defining a getter or field named 'status'.
            .having((s) => s.status, 'status', LoginStatus.initial),
                             ^^^^^^
  test/modules/login/presenter/bloc/login_bloc_test.dart:48:25: Error: The method 'add' isn't defined for the type 'Object?'.
   - 'Object' is from 'dart:core'.
  Try correcting the name to the name of an existing method, or defining a method named 'add'.
      act: (bloc) => bloc.add(LoginEmailChanged('teste@email.com')),
                          ^^^
  test/modules/login/presenter/bloc/login_bloc_test.dart:62:28: Error: The getter 'password' isn't defined for the type 'Object?'.
   - 'Object' is from 'dart:core'.
  Try correcting the name to the name of an existing getter, or defining a getter or field named 'password'.
            .having((s) => s.password, 'password', 'senha123')
                             ^^^^^^^^
  test/modules/login/presenter/bloc/login_bloc_test.dart:63:28: Error: The getter 'status' isn't defined for the type 'Object?'.
   - 'Object' is from 'dart:core'.
  Try correcting the name to the name of an existing getter, or defining a getter or field named 'status'.
            .having((s) => s.status, 'status', LoginStatus.initial),
                             ^^^^^^
  test/modules/login/presenter/bloc/login_bloc_test.dart:59:25: Error: The method 'add' isn't defined for the type 'Object?'.
   - 'Object' is from 'dart:core'.
  Try correcting the name to the name of an existing method, or defining a method named 'add'.
      act: (bloc) => bloc.add(LoginPasswordChanged('senha123')),
                          ^^^
  test/modules/login/presenter/bloc/login_bloc_test.dart:71:35: Error: The method 'loginWithEmailAndPassword' isn't defined for the type 'MockLoginRepository'.
   - 'MockLoginRepository' is from 'test/modules/login/presenter/bloc/login_bloc_test.dart'.
  Try correcting the name to the name of an existing method, or defining a method named 'loginWithEmailAndPassword'.
          () => mockLoginRepository.loginWithEmailAndPassword(any()),
                                    ^^^^^^^^^^^^^^^^^^^^^^^^^
  test/modules/login/presenter/bloc/login_bloc_test.dart:82:41: Error: The getter 'status' isn't defined for the type 'Object?'.
   - 'Object' is from 'dart:core'.
  Try correcting the name to the name of an existing getter, or defining a getter or field named 'status'.
        isA<LoginState>().having((s) => s.status, 'status', LoginStatus.loading),
                                          ^^^^^^
  test/modules/login/presenter/bloc/login_bloc_test.dart:83:41: Error: The getter 'status' isn't defined for the type 'Object?'.
   - 'Object' is from 'dart:core'.
  Try correcting the name to the name of an existing getter, or defining a getter or field named 'status'.
        isA<LoginState>().having((s) => s.status, 'status', LoginStatus.success),
                                          ^^^^^^
  test/modules/login/presenter/bloc/login_bloc_test.dart:80:25: Error: The method 'add' isn't defined for the type 'Object?'.
   - 'Object' is from 'dart:core'.
  Try correcting the name to the name of an existing method, or defining a method named 'add'.
      act: (bloc) => bloc.add(LoginSubmitted()),
                          ^^^
  .
00:00 +0 -1: Some tests failed.
